Microchip MPLAB XC8 Compiler V1.42 ()

Linker command line:

-W-3 --edf=/opt/microchip/xc8/v1.42/dat/en_msgs.txt -cs \
  -h+dist/default/production/ARC_Gripper.X.production.sym \
  --cmf=dist/default/production/ARC_Gripper.X.production.cmf -z -Q18F4431 \
  -o/tmp/xcXuvFBXk -Mdist/default/production/ARC_Gripper.X.production.map \
  -E1 -ver=XC8 -ASTACK=0AEh-02ffh -pstack=STACK -ACODE=00h-03FFFh \
  -ACONST=00h-03FFFh -ASMALLCONST=0300h-03FFhx61 -AMEDIUMCONST=0300h-03FFFh \
  -ACOMRAM=01h-05Fh -AABS1=00h-02FFh -ABIGRAM=01h-02FFh \
  -ARAM=060h-0FFh,0100h-01FFhx2 -ABANK0=060h-0FFh -ABANK1=0100h-01FFh \
  -ABANK2=0200h-02FFh -ASFR=0F60h-0FFFh \
  -preset_vec=00h,intcode=08h,intcodelo,powerup,init -pramtop=0300h \
  -psmallconst=SMALLCONST -pmediumconst=MEDIUMCONST -pconst=CONST \
  -AFARRAM=00h-00h -ACONFIG=0300000h-030000Dh -pconfig=CONFIG \
  -AIDLOC=0200000h-0200007h -pidloc=IDLOC -AEEDATA=0F00000h-0F000FFh \
  -peeprom_data=EEDATA \
  -prdata=COMRAM,nvrram=COMRAM,nvbit=COMRAM,rbss=COMRAM,rbit=COMRAM \
  -pfarbss=FARRAM,fardata=FARRAM,nvFARRAM=FARRAM \
  -pintsave_regs=BIGRAM,bigbss=BIGRAM,bigdata=BIGRAM -pbss=RAM \
  -pidata=CODE,irdata=CODE,ibigdata=CODE,ifardata=CODE -prparam=COMRAM \
  /tmp/xcXwwwTkQ.obj dist/default/production/ARC_Gripper.X.production.obj 

Object code version is 3.11

Machine type is 18F4431

Call graph: (short form)




                Name                               Link     Load   Length Selector   Space Scale
/tmp/xcXwwwTkQ.obj
                init                                 D6       D6        4        4       0
                reset_vec                             0        0        4        0       0
                idloc                            200000   200000        8   200000       0
                config                           300000   300000        E   300000       0
dist/default/production/ARC_Gripper.X.production.obj
                intcode                               8        8       CE        4       0
                temp                                 43       43        1        1       1
                text10                              740      740       2E        4       0
                text9                               60C      60C       68        4       0
                text8                               674      674       52        4       0
                text7                               76E      76E       28        4       0
                text6                               796      796       18        4       0
                text5                               48E      48E       86        4       0
                text4                               514      514       82        4       0
                text3                               596      596       76        4       0
                text2                               7AE      7AE        C        4       0
                text1                               704      704       3C        4       0
                text0                                DA       DA      3B4        4       0
                cstackCOMRAM                          1        1       2B        1       1
                cstackBANK0                          94       94       1A       60       1
                bssBANK0                             60       60       34       60       1
                dataCOMRAM                           41       41        2        1       1
                bssCOMRAM                            2C       2C       15        1       1
                cinit                               6C6      6C6       3E        4       0
                idataCOMRAM                         7BA      7BA        2        4       0

TOTAL           Name                               Link     Load   Length     Space
        CLASS   STACK          

        CLASS   CODE           
                intcode                               8        8       CE         0
                init                                 D6       D6        4         0
                reset_vec                             0        0        4         0
                text10                              740      740       2E         0
                text9                               60C      60C       68         0
                text8                               674      674       52         0
                text7                               76E      76E       28         0
                text6                               796      796       18         0
                text5                               48E      48E       86         0
                text4                               514      514       82         0
                text3                               596      596       76         0
                text2                               7AE      7AE        C         0
                text1                               704      704       3C         0
                text0                                DA       DA      3B4         0
                cinit                               6C6      6C6       3E         0
                idataCOMRAM                         7BA      7BA        2         0

        CLASS   CONST          

        CLASS   SMALLCONST     

        CLASS   MEDIUMCONST    

        CLASS   COMRAM         
                temp                                 43       43        1         1
                cstackCOMRAM                          1        1       2B         1
                dataCOMRAM                           41       41        2         1
                bssCOMRAM                            2C       2C       15         1

        CLASS   ABS1           

        CLASS   BIGRAM         

        CLASS   RAM            

        CLASS   BANK0          
                cstackBANK0                          94       94       1A         1
                bssBANK0                             60       60       34         1

        CLASS   BANK1          

        CLASS   BANK2          

        CLASS   SFR            

        CLASS   FARRAM         

        CLASS   CONFIG         
                config                           300000   300000        E         0

        CLASS   IDLOC          
                idloc                            200000   200000        8         0

        CLASS   EEDATA         



SEGMENTS        Name                           Load    Length   Top    Selector   Space  Class

                reset_vec                      000000  000004  000004         0       0  CODE    
                cstackCOMRAM                   000001  000043  000044         1       1  COMRAM  
                intcode                        000008  0007B4  0007BC         4       0  CODE    
                bssBANK0                       000060  00004E  0000AE        60       1  BANK0   
                idloc                          200000  000008  200008    200000       0  IDLOC   
                config                         300000  00000E  30000E    300000       0  CONFIG  


UNUSED ADDRESS RANGES

        Name                Unused          Largest block    Delta
        BANK0            0000AE-0000FF               52
        BANK1            000100-0001FF              100
        BANK2            000200-0002FF              100
        BIGRAM           000044-00005F               1C
                         0000AE-0002FF              252
        CODE             000004-000007                4
                         0007BC-003FFF             3844
        COMRAM           000044-00005F               1C
        CONST            000004-000007                4
                         0007BC-003FFF             3844
        EEDATA           F00000-F000FF              100
        MEDIUMCONST      0007BC-003FFF             3844
        RAM              0000AE-0002FF              100
        SFR              000F60-000FFF               A0
        SMALLCONST       0007BC-003FFF              100
        STACK            0000AE-0002FF              252

                                  Symbol Table

?___lldiv                      cstackCOMRAM 000010
?___lwdiv                      cstackCOMRAM 000010
?_abs                          cstackCOMRAM 000010
?_adc_read                     cstackCOMRAM 000010
Osc_Init@Osc_Freq              cstackCOMRAM 000010
SerialRxPinInterrupt@uc_data   cstackCOMRAM 00000F
_ADCHS                         (abs)        000F99
_ADCON0                        (abs)        000FC2
_ADCON0bits                    (abs)        000FC2
_ADCON1                        (abs)        000FC1
_ADCON2                        (abs)        000FC0
_ADCON3                        (abs)        000F9A
_ADRESH                        (abs)        000FC4
_ADRESL                        (abs)        000FC3
_BAUDCONbits                   (abs)        000FAA
_GIE                           (abs)        007F97
_GO_nDONE                      (abs)        007E11
_Gpio_Init                     text10       000740
_OSCCON                        (abs)        000FD3
_Osc_Init                      text9        00060C
_PEIE                          (abs)        007F96
_PIR1bits                      (abs)        000F9E
_PORTAbits                     (abs)        000F80
_PORTBbits                     (abs)        000F81
_PORTCbits                     (abs)        000F82
_PORTDbits                     (abs)        000F83
_PTCON0                        (abs)        000F7F
_PWMCON0                       (abs)        000F6F
_RCIE                          (abs)        007CED
_RCIF                          (abs)        007CF5
_RCIP                          (abs)        007CFD
_RCREG                         (abs)        000FAE
_RCSTA                         (abs)        000FAB
_SPBRG                         (abs)        000FAF
_SerialRxPinInterrupt          intcode      000008
_TRISAbits                     (abs)        000F92
_TRISBbits                     (abs)        000F93
_TRISCbits                     (abs)        000F94
_TRISDbits                     (abs)        000F95
_TXIF                          (abs)        007CF4
_TXREG                         (abs)        000FAD
_TXSTA                         (abs)        000FAC
__CFG_BOREN$OFF                (abs)        000000
__CFG_BORV$45                  (abs)        000000
__CFG_CP0$OFF                  (abs)        000000
__CFG_CP1$OFF                  (abs)        000000
__CFG_CP2$OFF                  (abs)        000000
__CFG_CP3$OFF                  (abs)        000000
__CFG_CPB$OFF                  (abs)        000000
__CFG_CPD$OFF                  (abs)        000000
__CFG_EBTR0$OFF                (abs)        000000
__CFG_EBTR1$OFF                (abs)        000000
__CFG_EBTR2$OFF                (abs)        000000
__CFG_EBTR3$OFF                (abs)        000000
__CFG_EBTRB$OFF                (abs)        000000
__CFG_EXCLKMX$RC3              (abs)        000000
__CFG_FCMEN$ON                 (abs)        000000
__CFG_FLTAMX$RC1               (abs)        000000
__CFG_HPOL$HIGH                (abs)        000000
__CFG_IESO$ON                  (abs)        000000
__CFG_LPOL$HIGH                (abs)        000000
__CFG_LVP$ON                   (abs)        000000
__CFG_MCLRE$ON                 (abs)        000000
__CFG_OSC$IRCIO                (abs)        000000
__CFG_PWM4MX$RB5               (abs)        000000
__CFG_PWMPIN$OFF               (abs)        000000
__CFG_PWRTEN$OFF               (abs)        000000
__CFG_SSPMX$RC7                (abs)        000000
__CFG_STVREN$ON                (abs)        000000
__CFG_T1OSCMX$ON               (abs)        000000
__CFG_WDPS$32768               (abs)        000000
__CFG_WDTEN$OFF                (abs)        000000
__CFG_WINEN$OFF                (abs)        000000
__CFG_WRT0$OFF                 (abs)        000000
__CFG_WRT1$OFF                 (abs)        000000
__CFG_WRT2$OFF                 (abs)        000000
__CFG_WRT3$OFF                 (abs)        000000
__CFG_WRTB$OFF                 (abs)        000000
__CFG_WRTC$OFF                 (abs)        000000
__CFG_WRTD$OFF                 (abs)        000000
__HRAM                         (abs)        000000
__Habs1                        abs1         000000
__Hbank0                       bank0        000000
__Hbank1                       bank1        000000
__Hbank2                       bank2        000000
__Hbigbss                      bigbss       000000
__Hbigdata                     bigdata      000000
__Hbigram                      bigram       000000
__Hbss                         bss          000000
__HbssBANK0                    bssBANK0     000000
__HbssCOMRAM                   bssCOMRAM    000000
__Hcinit                       cinit        000000
__Hclrtext                     clrtext      000000
__Hcomram                      comram       000000
__Hconfig                      config       30000E
__Hconst                       const        000000
__HcstackBANK0                 cstackBANK0  000000
__HcstackCOMRAM                cstackCOMRAM 000000
__Hdata                        data         000000
__HdataCOMRAM                  dataCOMRAM   000000
__Heeprom_data                 eeprom_data  000000
__Hfarbss                      farbss       000000
__Hfardata                     fardata      000000
__Hibigdata                    ibigdata     000000
__Hidata                       idata        000000
__HidataCOMRAM                 idataCOMRAM  000000
__Hidloc                       idloc        200008
__Hifardata                    ifardata     000000
__Hinit                        init         0000DA
__Hintcode                     intcode      0000D6
__Hintcode_body                intcode_body 000000
__Hintcodelo                   intcodelo    0000D6
__Hintentry                    intentry     000000
__Hintret                      intret       000000
__Hintsave_regs                intsave_regs 000000
__Hirdata                      irdata       000000
__Hmediumconst                 mediumconst  000000
__HnvFARRAM                    nvFARRAM     000000
__Hnvbit                       nvbit        000000
__Hnvrram                      nvrram       000000
__Hparam                       rparam       000000
__Hpowerup                     powerup      0000D6
__Hram                         ram          000000
__Hramtop                      ramtop       000300
__Hrbit                        rbit         000000
__Hrbss                        rbss         000000
__Hrdata                       rdata        000000
__Hreset_vec                   reset_vec    000004
__Hrparam                      rparam       000000
__Hsfr                         sfr          000000
__Hsmallconst                  smallconst   000000
__Hspace_0                     (abs)        30000E
__Hspace_1                     (abs)        0000AE
__Hspace_2                     (abs)        000000
__Hstack                       stack        000000
__Hstruct                      struct       000000
__Htemp                        temp         000044
__Htext                        text         000000
__Htext0                       text0        000000
__Htext1                       text1        000000
__Htext10                      text10       000000
__Htext2                       text2        000000
__Htext3                       text3        000000
__Htext4                       text4        000000
__Htext5                       text5        000000
__Htext6                       text6        000000
__Htext7                       text7        000000
__Htext8                       text8        000000
__Htext9                       text9        000000
__LRAM                         (abs)        000001
__Labs1                        abs1         000000
__Lbank0                       bank0        000000
__Lbank1                       bank1        000000
__Lbank2                       bank2        000000
__Lbigbss                      bigbss       000000
__Lbigdata                     bigdata      000000
__Lbigram                      bigram       000000
__Lbss                         bss          000000
__LbssBANK0                    bssBANK0     000000
__LbssCOMRAM                   bssCOMRAM    000000
__Lcinit                       cinit        000000
__Lclrtext                     clrtext      000000
__Lcomram                      comram       000000
__Lconfig                      config       300000
__Lconst                       const        000000
__LcstackBANK0                 cstackBANK0  000000
__LcstackCOMRAM                cstackCOMRAM 000000
__Ldata                        data         000000
__LdataCOMRAM                  dataCOMRAM   000000
__Leeprom_data                 eeprom_data  000000
__Lfarbss                      farbss       000000
__Lfardata                     fardata      000000
__Libigdata                    ibigdata     000000
__Lidata                       idata        000000
__LidataCOMRAM                 idataCOMRAM  000000
__Lidloc                       idloc        200000
__Lifardata                    ifardata     000000
__Linit                        init         0000D6
__Lintcode                     intcode      000008
__Lintcode_body                intcode_body 000000
__Lintcodelo                   intcodelo    0000D6
__Lintentry                    intentry     000000
__Lintret                      intret       000000
__Lintsave_regs                intsave_regs 000000
__Lirdata                      irdata       000000
__Lmediumconst                 mediumconst  000000
__LnvFARRAM                    nvFARRAM     000000
__Lnvbit                       nvbit        000000
__Lnvrram                      nvrram       000000
__Lparam                       rparam       000000
__Lpowerup                     powerup      0000D6
__Lram                         ram          000000
__Lramtop                      ramtop       000300
__Lrbit                        rbit         000000
__Lrbss                        rbss         000000
__Lrdata                       rdata        000000
__Lreset_vec                   reset_vec    000000
__Lrparam                      rparam       000000
__Lsfr                         sfr          000000
__Lsmallconst                  smallconst   000000
__Lspace_0                     (abs)        000000
__Lspace_1                     (abs)        000000
__Lspace_2                     (abs)        000000
__Lstack                       stack        000000
__Lstruct                      struct       000000
__Ltemp                        temp         000043
__Ltext                        text         000000
__Ltext0                       text0        000000
__Ltext1                       text1        000000
__Ltext10                      text10       000000
__Ltext2                       text2        000000
__Ltext3                       text3        000000
__Ltext4                       text4        000000
__Ltext5                       text5        000000
__Ltext6                       text6        000000
__Ltext7                       text7        000000
__Ltext8                       text8        000000
__Ltext9                       text9        000000
__S0                           (abs)        30000E
__S1                           (abs)        0000AE
__S2                           (abs)        000000
___inthi_sp                    stack        000000
___intlo_sp                    stack        000000
___lldiv                       text4        000514
___lldiv@counter               cstackCOMRAM 00001C
___lldiv@dividend              cstackCOMRAM 000010
___lldiv@divisor               cstackCOMRAM 000014
___lldiv@quotient              cstackCOMRAM 000018
___lwdiv                       text8        000674
___lwdiv@counter               cstackCOMRAM 000014
___lwdiv@dividend              cstackCOMRAM 000010
___lwdiv@divisor               cstackCOMRAM 000012
___lwdiv@quotient              cstackCOMRAM 000015
___param_bank                  (abs)        000000
___rparam_used                 (abs)        000001
___sp                          stack        000000
__accesstop                    (abs)        000060
__activetblptr                 (abs)        000002
__end_of_Gpio_Init             text10       00076E
__end_of_Osc_Init              text9        000674
__end_of_SerialRxPinInterrupt  intcode      0000D6
__end_of___lldiv               text4        000596
__end_of___lwdiv               text8        0006C6
__end_of__initialization       cinit        0006F6
__end_of_abs                   text7        000796
__end_of_adc_init              text6        0007AE
__end_of_adc_read              text5        000514
__end_of_eusart_init           text3        00060C
__end_of_main                  text0        00048E
__end_of_uart_send_byte        text2        0007BA
__end_of_uart_send_pkt         text1        000740
__initialization               cinit        0006C6
__mediumconst                  mediumconst  000000
__pbssBANK0                    bssBANK0     000060
__pbssCOMRAM                   bssCOMRAM    00002C
__pcinit                       cinit        0006C6
__pcstackBANK0                 cstackBANK0  000094
__pcstackCOMRAM                cstackCOMRAM 000001
__pdataCOMRAM                  dataCOMRAM   000041
__pidataCOMRAM                 idataCOMRAM  0007BA
__pintcode                     intcode      000008
__ptext0                       text0        0000DA
__ptext1                       text1        000704
__ptext10                      text10       000740
__ptext2                       text2        0007AE
__ptext3                       text3        000596
__ptext4                       text4        000514
__ptext5                       text5        00048E
__ptext6                       text6        000796
__ptext7                       text7        00076E
__ptext8                       text8        000674
__ptext9                       text9        00060C
__ramtop                       ramtop       000300
__size_of_Gpio_Init            (abs)        000000
__size_of_Osc_Init             (abs)        000000
__size_of_SerialRxPinInterrupt (abs)        000000
__size_of___lldiv              (abs)        000000
__size_of___lwdiv              (abs)        000000
__size_of_abs                  (abs)        000000
__size_of_adc_init             (abs)        000000
__size_of_adc_read             (abs)        000000
__size_of_eusart_init          (abs)        000000
__size_of_main                 (abs)        000000
__size_of_uart_send_byte       (abs)        000000
__size_of_uart_send_pkt        (abs)        000000
__smallconst                   smallconst   000000
_abs                           text7        00076E
_adc_init                      text6        000796
_adc_read                      text5        00048E
_eusart_init                   text3        000596
_main                          text0        0000DA
_n_mot1                        bssCOMRAM    00003A
_n_mot2                        bssCOMRAM    000038
_n_sensor1                     bssCOMRAM    00003E
_n_sensor2                     bssCOMRAM    00003C
_u16_current_angle_m1          bssCOMRAM    000034
_u16_current_angle_m2          bssCOMRAM    000032
_u16_diff_angle                bssCOMRAM    000036
_u16_target_angle_m1           bssCOMRAM    000030
_u16_target_angle_m2           bssCOMRAM    00002E
_u8_arr_buffer                 bssBANK0     00008C
_uart_send_byte                text2        0007AE
_uart_send_pkt                 text1        000704
_uc_arr_buffer                 bssBANK0     000060
_uc_arr_rcv_buff               bssBANK0     000088
_uc_rx_flag                    bssCOMRAM    000040
_us_nHeader_detect             bssCOMRAM    00002C
_us_nNoOfRxdBytes              dataCOMRAM   000041
abs@a                          cstackCOMRAM 000010
adc_read@channel_id            cstackCOMRAM 000010
btemp                          temp         000043
end_of_initialization          cinit        0006F6
eusart_init@baud               cstackCOMRAM 000022
eusart_init@fosc               cstackCOMRAM 00001E
eusart_init@interrupt_mode     cstackCOMRAM 000024
eusart_init@tx_mode            cstackCOMRAM 00001D
eusart_init@usart_mode         cstackCOMRAM 000029
int$flags                      temp         000043
intlevel0                      text         000000
intlevel1                      text         000000
intlevel2                      text         000000
intlevel3                      text         000000
main@derivative                cstackBANK0  00009A
main@err_m1                    cstackBANK0  0000AA
main@err_m2                    cstackBANK0  0000AC
main@error                     cstackBANK0  000094
main@integral                  cstackBANK0  000096
main@last_error                cstackBANK0  000098
main@lerr_m1                   cstackBANK0  00009C
main@lerr_m2                   cstackBANK0  00009E
main@m1_Flag                   cstackBANK0  0000A4
main@m1_chng_ang               cstackBANK0  0000A0
main@m1_stuck_cnt              cstackBANK0  0000A6
main@m2_Flag                   cstackBANK0  0000A5
main@m2_chng_ang               cstackBANK0  0000A2
main@m2_stuck_cnt              cstackBANK0  0000A8
stackhi                        (abs)        0002FF
stacklo                        (abs)        0000AE
start                          init         0000D6
start_initialization           cinit        0006C6
uart_send_byte@byte            cstackCOMRAM 000010
uart_send_pkt@i                cstackCOMRAM 000017
uart_send_pkt@pkt              cstackCOMRAM 000011
uart_send_pkt@size             cstackCOMRAM 000013


FUNCTION INFORMATION:

 *************** function _main *****************
 Defined at:
		line 23 in file "main.c"
 Parameters:    Size  Location     Type
		None
 Auto vars:     Size  Location     Type
  err_m2          2   24[BANK0 ] unsigned int 
  err_m1          2   22[BANK0 ] unsigned int 
  m2_stuck_cnt    2   20[BANK0 ] unsigned int 
  m1_stuck_cnt    2   18[BANK0 ] unsigned int 
  m2_chng_ang     2   14[BANK0 ] unsigned int 
  m1_chng_ang     2   12[BANK0 ] unsigned int 
  lerr_m2         2   10[BANK0 ] unsigned int 
  lerr_m1         2    8[BANK0 ] unsigned int 
  derivative      2    6[BANK0 ] unsigned int 
  last_error      2    4[BANK0 ] unsigned int 
  integral        2    2[BANK0 ] unsigned int 
  error           2    0[BANK0 ] unsigned int 
  m2_Flag         1   17[BANK0 ] unsigned char 
  m1_Flag         1   16[BANK0 ] unsigned char 
 Return value:  Size  Location     Type
                  1    wreg      void 
 Registers used:
		wreg, fsr2l, fsr2h, status,2, status,0, cstack
 Tracked objects:
		On entry : 
		On exit  : 
		Unchanged: 
 Data sizes:     COMRAM   BANK0   BANK1   BANK2
      Params:         0       0       0       0
      Locals:         0      26       0       0
      Temps:          2       0       0       0
      Totals:         2      26       0       0
Total ram usage:       28 bytes
 Hardware stack levels required when called:    3
 This function calls:
		_Gpio_Init
		_Osc_Init
		___lwdiv
		_abs
		_adc_init
		_adc_read
		_eusart_init
		_uart_send_pkt
 This function is called by:
		Startup code after reset
 This function uses a non-reentrant model


 *************** function _uart_send_pkt *****************
 Defined at:
		line 61 in file "eusart.c"
 Parameters:    Size  Location     Type
  pkt             2   16[COMRAM] PTR unsigned char 
		 -> u8_arr_buffer(8), 
  size            1   18[COMRAM] unsigned char 
 Auto vars:     Size  Location     Type
  i               2   22[COMRAM] int 
 Return value:  Size  Location     Type
                  1    wreg      void 
 Registers used:
		wreg, fsr2l, fsr2h, status,2, status,0, cstack
 Tracked objects:
		On entry : 
		On exit  : 
		Unchanged: 
 Data sizes:     COMRAM   BANK0   BANK1   BANK2
      Params:         3       0       0       0
      Locals:         2       0       0       0
      Temps:          3       0       0       0
      Totals:         8       0       0       0
Total ram usage:        8 bytes
 Hardware stack levels used:    1
 Hardware stack levels required when called:    2
 This function calls:
		_uart_send_byte
 This function is called by:
		_main
 This function uses a non-reentrant model


 *************** function _uart_send_byte *****************
 Defined at:
		line 43 in file "eusart.c"
 Parameters:    Size  Location     Type
  byte            1    wreg     unsigned char 
 Auto vars:     Size  Location     Type
  byte            1   15[COMRAM] unsigned char 
 Return value:  Size  Location     Type
                  1    wreg      void 
 Registers used:
		wreg
 Tracked objects:
		On entry : 
		On exit  : 
		Unchanged: 
 Data sizes:     COMRAM   BANK0   BANK1   BANK2
      Params:         0       0       0       0
      Locals:         1       0       0       0
      Temps:          0       0       0       0
      Totals:         1       0       0       0
Total ram usage:        1 bytes
 Hardware stack levels used:    1
 Hardware stack levels required when called:    1
 This function calls:
		Nothing
 This function is called by:
		_uart_send_pkt
 This function uses a non-reentrant model


 *************** function _eusart_init *****************
 Defined at:
		line 9 in file "eusart.c"
 Parameters:    Size  Location     Type
  usart_mode      1    wreg     unsigned char 
  tx_mode         1   28[COMRAM] unsigned char 
  fosc            4   29[COMRAM] unsigned long 
  baud            2   33[COMRAM] unsigned int 
  interrupt_mo    1   35[COMRAM] unsigned char 
 Auto vars:     Size  Location     Type
  usart_mode      1   40[COMRAM] unsigned char 
 Return value:  Size  Location     Type
                  1    wreg      void 
 Registers used:
		wreg, status,2, status,0, cstack
 Tracked objects:
		On entry : 
		On exit  : 
		Unchanged: 
 Data sizes:     COMRAM   BANK0   BANK1   BANK2
      Params:         8       0       0       0
      Locals:         1       0       0       0
      Temps:          4       0       0       0
      Totals:        13       0       0       0
Total ram usage:       13 bytes
 Hardware stack levels used:    1
 Hardware stack levels required when called:    2
 This function calls:
		___lldiv
 This function is called by:
		_main
 This function uses a non-reentrant model


 *************** function ___lldiv *****************
 Defined at:
		line 8 in file "/opt/microchip/xc8/v1.42/sources/common/lldiv.c"
 Parameters:    Size  Location     Type
  dividend        4   15[COMRAM] unsigned long 
  divisor         4   19[COMRAM] unsigned long 
 Auto vars:     Size  Location     Type
  quotient        4   23[COMRAM] unsigned long 
  counter         1   27[COMRAM] unsigned char 
 Return value:  Size  Location     Type
                  4   15[COMRAM] unsigned long 
 Registers used:
		wreg, status,2, status,0
 Tracked objects:
		On entry : 
		On exit  : 
		Unchanged: 
 Data sizes:     COMRAM   BANK0   BANK1   BANK2
      Params:         8       0       0       0
      Locals:         5       0       0       0
      Temps:          0       0       0       0
      Totals:        13       0       0       0
Total ram usage:       13 bytes
 Hardware stack levels used:    1
 Hardware stack levels required when called:    1
 This function calls:
		Nothing
 This function is called by:
		_eusart_init
 This function uses a non-reentrant model


 *************** function _adc_read *****************
 Defined at:
		line 22 in file "adc.c"
 Parameters:    Size  Location     Type
  channel_id      2   15[COMRAM] unsigned short 
 Auto vars:     Size  Location     Type
		None
 Return value:  Size  Location     Type
                  2   15[COMRAM] unsigned int 
 Registers used:
		wreg, status,2, status,0
 Tracked objects:
		On entry : 
		On exit  : 
		Unchanged: 
 Data sizes:     COMRAM   BANK0   BANK1   BANK2
      Params:         2       0       0       0
      Locals:         0       0       0       0
      Temps:          2       0       0       0
      Totals:         4       0       0       0
Total ram usage:        4 bytes
 Hardware stack levels used:    1
 Hardware stack levels required when called:    1
 This function calls:
		Nothing
 This function is called by:
		_main
 This function uses a non-reentrant model


 *************** function _adc_init *****************
 Defined at:
		line 5 in file "adc.c"
 Parameters:    Size  Location     Type
		None
 Auto vars:     Size  Location     Type
		None
 Return value:  Size  Location     Type
                  1    wreg      void 
 Registers used:
		wreg, status,2
 Tracked objects:
		On entry : 
		On exit  : 
		Unchanged: 
 Data sizes:     COMRAM   BANK0   BANK1   BANK2
      Params:         0       0       0       0
      Locals:         0       0       0       0
      Temps:          0       0       0       0
      Totals:         0       0       0       0
Total ram usage:        0 bytes
 Hardware stack levels used:    1
 Hardware stack levels required when called:    1
 This function calls:
		Nothing
 This function is called by:
		_main
 This function uses a non-reentrant model


 *************** function _abs *****************
 Defined at:
		line 4 in file "/opt/microchip/xc8/v1.42/sources/common/abs.c"
 Parameters:    Size  Location     Type
  a               2   15[COMRAM] int 
 Auto vars:     Size  Location     Type
		None
 Return value:  Size  Location     Type
                  2   15[COMRAM] int 
 Registers used:
		wreg, status,2, status,0
 Tracked objects:
		On entry : 
		On exit  : 
		Unchanged: 
 Data sizes:     COMRAM   BANK0   BANK1   BANK2
      Params:         2       0       0       0
      Locals:         0       0       0       0
      Temps:          2       0       0       0
      Totals:         4       0       0       0
Total ram usage:        4 bytes
 Hardware stack levels used:    1
 Hardware stack levels required when called:    1
 This function calls:
		Nothing
 This function is called by:
		_main
 This function uses a non-reentrant model


 *************** function ___lwdiv *****************
 Defined at:
		line 8 in file "/opt/microchip/xc8/v1.42/sources/common/lwdiv.c"
 Parameters:    Size  Location     Type
  dividend        2   15[COMRAM] unsigned int 
  divisor         2   17[COMRAM] unsigned int 
 Auto vars:     Size  Location     Type
  quotient        2   20[COMRAM] unsigned int 
  counter         1   19[COMRAM] unsigned char 
 Return value:  Size  Location     Type
                  2   15[COMRAM] unsigned int 
 Registers used:
		wreg, status,2, status,0
 Tracked objects:
		On entry : 
		On exit  : 
		Unchanged: 
 Data sizes:     COMRAM   BANK0   BANK1   BANK2
      Params:         4       0       0       0
      Locals:         3       0       0       0
      Temps:          0       0       0       0
      Totals:         7       0       0       0
Total ram usage:        7 bytes
 Hardware stack levels used:    1
 Hardware stack levels required when called:    1
 This function calls:
		Nothing
 This function is called by:
		_main
 This function uses a non-reentrant model


 *************** function _Osc_Init *****************
 Defined at:
		line 4 in file "oscillator.c"
 Parameters:    Size  Location     Type
  Osc_Freq        1    wreg     unsigned char 
 Auto vars:     Size  Location     Type
  Osc_Freq        1   15[COMRAM] unsigned char 
 Return value:  Size  Location     Type
                  1    wreg      void 
 Registers used:
		wreg, status,2, status,0
 Tracked objects:
		On entry : 
		On exit  : 
		Unchanged: 
 Data sizes:     COMRAM   BANK0   BANK1   BANK2
      Params:         0       0       0       0
      Locals:         1       0       0       0
      Temps:          0       0       0       0
      Totals:         1       0       0       0
Total ram usage:        1 bytes
 Hardware stack levels used:    1
 Hardware stack levels required when called:    1
 This function calls:
		Nothing
 This function is called by:
		_main
 This function uses a non-reentrant model


 *************** function _Gpio_Init *****************
 Defined at:
		line 4 in file "Gpio.c"
 Parameters:    Size  Location     Type
		None
 Auto vars:     Size  Location     Type
		None
 Return value:  Size  Location     Type
                  1    wreg      void 
 Registers used:
		None
 Tracked objects:
		On entry : 
		On exit  : 
		Unchanged: 
 Data sizes:     COMRAM   BANK0   BANK1   BANK2
      Params:         0       0       0       0
      Locals:         0       0       0       0
      Temps:          0       0       0       0
      Totals:         0       0       0       0
Total ram usage:        0 bytes
 Hardware stack levels used:    1
 Hardware stack levels required when called:    1
 This function calls:
		Nothing
 This function is called by:
		_main
 This function uses a non-reentrant model


 *************** function _SerialRxPinInterrupt *****************
 Defined at:
		line 80 in file "eusart.c"
 Parameters:    Size  Location     Type
		None
 Auto vars:     Size  Location     Type
  uc_data         1   14[COMRAM] unsigned char 
 Return value:  Size  Location     Type
                  1    wreg      void 
 Registers used:
		wreg, fsr2l, fsr2h, status,2, status,0
 Tracked objects:
		On entry : 
		On exit  : 
		Unchanged: 
 Data sizes:     COMRAM   BANK0   BANK1   BANK2
      Params:         0       0       0       0
      Locals:         1       0       0       0
      Temps:         14       0       0       0
      Totals:        15       0       0       0
Total ram usage:       15 bytes
 Hardware stack levels used:    1
 This function calls:
		Nothing
 This function is called by:
		Interrupt level 2
 This function uses a non-reentrant model



MODULE INFORMATION

Module		Function		Class		Link	Load	Size
/opt/microchip/xc8/v1.42/sources/common/lwdiv.c
		___lwdiv       		CODE           	0674	0000	83

/opt/microchip/xc8/v1.42/sources/common/lwdiv.c estimated size: 83

eusart.c
		_SerialRxPinInterrupt		CODE           	0008	0000	207
		_uart_send_pkt 		CODE           	0704	0000	61
		_eusart_init   		CODE           	0596	0000	119
		_uart_send_byte		CODE           	07AE	0000	13

eusart.c estimated size: 400

/opt/microchip/xc8/v1.42/sources/common/lldiv.c
		___lldiv       		CODE           	0514	0000	131

/opt/microchip/xc8/v1.42/sources/common/lldiv.c estimated size: 131

oscillator.c
		_Osc_Init      		CODE           	060C	0000	105

oscillator.c estimated size: 105

adc.c
		_adc_read      		CODE           	048E	0000	135
		_adc_init      		CODE           	0796	0000	25

adc.c estimated size: 160

Gpio.c
		_Gpio_Init     		CODE           	0740	0000	47

Gpio.c estimated size: 47

shared
		__initialization		CODE           	06C6	0000	49

shared estimated size: 49

/opt/microchip/xc8/v1.42/sources/common/abs.c
		_abs           		CODE           	076E	0000	41

/opt/microchip/xc8/v1.42/sources/common/abs.c estimated size: 41

main.c
		_main          		CODE           	00DA	0000	949

main.c estimated size: 949

